// Jest Snapshot v1, https://goo.gl/fbAQLP

exports[`<App /> Enzyme: it should display the message "Hola, Eva Sofia Janeth! 1`] = `
<Fragment>
  <h1>
    Hola, Eva Sofia Janeth!
  </h1>
  <p>
    React te da la bienvenida
  </p>
  <pre>
    {
    "name": "Eva Sofia Janeth",
    "title": "Hola, Eva Sofia Janeth!",
    "message": "React te da la bienvenida"
}
  </pre>
</Fragment>
`;
