// Jest Snapshot v1, https://goo.gl/fbAQLP

exports[`<Counter /> Enzime: should deploy the component correctly 1`] = `
<Fragment>
  <h1>
    Counter
  </h1>
  <h2>
    0
  </h2>
  <button
    onClick={[Function]}
  >
    + 1
  </button>
  <button
    onClick={[Function]}
  >
    Reset 
  </button>
  <button
    onClick={[Function]}
  >
    - 1
  </button>
</Fragment>
`;
